// Jest Snapshot v1, https://goo.gl/fbAQLP

exports[`App should match the snapshot 1`] = `
<div>
  <Connect(Header) />
  <Connect(Swatch) />
  <section
    className="file-holder"
  >
    <Connect(Projects) />
    <Connect(Palettes) />
  </section>
</div>
`;
